Compiling [CXX]: src/Kernels/cpu/GenMatmul.cpp
Compiling [CXX]: src/ScalarOps/cpu/ScalarOps.cpp
Compiling [CXX]: src/ScalarOps/cpu/ScalarOpsDispatcher.cpp
g++ -Iinclude -I/usr/local/cuda/include -DWITH_CUDA  -std=c++20 -fPIC -Wall -Wextra -g -fopenmp -c src/Kernels/cpu/GenMatmul.cpp -o lib/objects/src/Kernels/cpu/GenMatmul.o
Compiling [CXX]: src/device/CUDAAllocator.cpp
g++ -Iinclude -I/usr/local/cuda/include -DWITH_CUDA  -std=c++20 -fPIC -Wall -Wextra -g -fopenmp -c src/ScalarOps/cpu/ScalarOps.cpp -o lib/objects/src/ScalarOps/cpu/ScalarOps.o
g++ -Iinclude -I/usr/local/cuda/include -DWITH_CUDA  -std=c++20 -fPIC -Wall -Wextra -g -fopenmp -c src/ScalarOps/cpu/ScalarOpsDispatcher.cpp -o lib/objects/src/ScalarOps/cpu/ScalarOpsDispatcher.o
Compiling [CXX]: src/device/DeviceTransfer.cpp
g++ -Iinclude -I/usr/local/cuda/include -DWITH_CUDA  -std=c++20 -fPIC -Wall -Wextra -g -fopenmp -c src/device/CUDAAllocator.cpp -o lib/objects/src/device/CUDAAllocator.o
g++ -Iinclude -I/usr/local/cuda/include -DWITH_CUDA  -std=c++20 -fPIC -Wall -Wextra -g -fopenmp -c src/device/DeviceTransfer.cpp -o lib/objects/src/device/DeviceTransfer.o
Compiling [CXX]: src/device/AllocatorRegistry.cpp
g++ -Iinclude -I/usr/local/cuda/include -DWITH_CUDA  -std=c++20 -fPIC -Wall -Wextra -g -fopenmp -c src/device/AllocatorRegistry.cpp -o lib/objects/src/device/AllocatorRegistry.o
Compiling [CXX]: src/device/DeviceCore.cpp
Compiling [CXX]: src/device/CPUAllocator.cpp
g++ -Iinclude -I/usr/local/cuda/include -DWITH_CUDA  -std=c++20 -fPIC -Wall -Wextra -g -fopenmp -c src/device/CPUAllocator.cpp -o lib/objects/src/device/CPUAllocator.o
g++ -Iinclude -I/usr/local/cuda/include -DWITH_CUDA  -std=c++20 -fPIC -Wall -Wextra -g -fopenmp -c src/device/DeviceCore.cpp -o lib/objects/src/device/DeviceCore.o
Compiling [CXX]: src/core/TensorUtils.cpp
g++ -Iinclude -I/usr/local/cuda/include -DWITH_CUDA  -std=c++20 -fPIC -Wall -Wextra -g -fopenmp -c src/core/TensorUtils.cpp -o lib/objects/src/core/TensorUtils.o
Compiling [CXX]: src/core/TensorDelete.cpp
g++ -Iinclude -I/usr/local/cuda/include -DWITH_CUDA  -std=c++20 -fPIC -Wall -Wextra -g -fopenmp -c src/core/TensorDelete.cpp -o lib/objects/src/core/TensorDelete.o
Compiling [CXX]: src/core/Tensor.cpp
g++ -Iinclude -I/usr/local/cuda/include -DWITH_CUDA  -std=c++20 -fPIC -Wall -Wextra -g -fopenmp -c src/core/Tensor.cpp -o lib/objects/src/core/Tensor.o
Compiling [CXX]: src/core/TensorImpl.cpp
g++ -Iinclude -I/usr/local/cuda/include -DWITH_CUDA  -std=c++20 -fPIC -Wall -Wextra -g -fopenmp -c src/core/TensorImpl.cpp -o lib/objects/src/core/TensorImpl.o
Compiling [CXX]: src/core/AsTypeTensor.cpp
g++ -Iinclude -I/usr/local/cuda/include -DWITH_CUDA  -std=c++20 -fPIC -Wall -Wextra -g -fopenmp -c src/core/AsTypeTensor.cpp -o lib/objects/src/core/AsTypeTensor.o
In file included from include/core/Tensor.h:8,
                 from src/Kernels/cpu/GenMatmul.cpp:1:
include/core/TensorImpl.h:169:11: error: field ‘shape_’ has incomplete type ‘OwnTensor::Shape’
  169 |     Shape shape_;                                // Tensor dimensions
      |           ^~~~~~
include/core/TensorImpl.h:15:8: note: forward declaration of ‘struct OwnTensor::Shape’
   15 | struct Shape;
      |        ^~~~~
include/core/TensorImpl.h:170:12: error: field ‘stride_’ has incomplete type ‘OwnTensor::Stride’
  170 |     Stride stride_;                              // Strides for each dimension
      |            ^~~~~~~
include/core/TensorImpl.h:16:8: note: forward declaration of ‘struct OwnTensor::Stride’
   16 | struct Stride;
      |        ^~~~~~
In file included from include/core/Tensor.h:8,
                 from src/ScalarOps/cpu/ScalarOps.cpp:4:
include/core/TensorImpl.h:169:11: error: field ‘shape_’ has incomplete type ‘OwnTensor::Shape’
  169 |     Shape shape_;                                // Tensor dimensions
      |           ^~~~~~
include/core/TensorImpl.h:15:8: note: forward declaration of ‘struct OwnTensor::Shape’
   15 | struct Shape;
      |        ^~~~~
include/core/TensorImpl.h:170:12: error: field ‘stride_’ has incomplete type ‘OwnTensor::Stride’
  170 |     Stride stride_;                              // Strides for each dimension
      |            ^~~~~~~
include/core/TensorImpl.h:16:8: note: forward declaration of ‘struct OwnTensor::Stride’
   16 | struct Stride;
      |        ^~~~~~
In file included from include/core/Tensor.h:8,
                 from include/ops/ScalarOps.h:2,
                 from src/ScalarOps/cpu/ScalarOpsDispatcher.cpp:4:
include/core/TensorImpl.h:169:11: error: field ‘shape_’ has incomplete type ‘OwnTensor::Shape’
  169 |     Shape shape_;                                // Tensor dimensions
      |           ^~~~~~
include/core/TensorImpl.h:15:8: note: forward declaration of ‘struct OwnTensor::Shape’
   15 | struct Shape;
      |        ^~~~~
include/core/TensorImpl.h:170:12: error: field ‘stride_’ has incomplete type ‘OwnTensor::Stride’
  170 |     Stride stride_;                              // Strides for each dimension
      |            ^~~~~~~
include/core/TensorImpl.h:16:8: note: forward declaration of ‘struct OwnTensor::Stride’
   16 | struct Stride;
      |        ^~~~~~
make: *** [Makefile:60: lib/objects/src/Kernels/cpu/GenMatmul.o] Error 1
make: *** Waiting for unfinished jobs....
make: *** [Makefile:60: lib/objects/src/ScalarOps/cpu/ScalarOpsDispatcher.o] Error 1
In file included from include/core/Tensor.h:8,
                 from src/core/TensorDelete.cpp:1:
include/core/TensorImpl.h:169:11: error: field ‘shape_’ has incomplete type ‘OwnTensor::Shape’
  169 |     Shape shape_;                                // Tensor dimensions
      |           ^~~~~~
include/core/TensorImpl.h:15:8: note: forward declaration of ‘struct OwnTensor::Shape’
   15 | struct Shape;
      |        ^~~~~
include/core/TensorImpl.h:170:12: error: field ‘stride_’ has incomplete type ‘OwnTensor::Stride’
  170 |     Stride stride_;                              // Strides for each dimension
      |            ^~~~~~~
include/core/TensorImpl.h:16:8: note: forward declaration of ‘struct OwnTensor::Stride’
   16 | struct Stride;
      |        ^~~~~~
src/core/TensorDelete.cpp: In member function ‘bool OwnTensor::Tensor::is_valid() const’:
src/core/TensorDelete.cpp:11:22: error: ‘const class OwnTensor::Tensor’ has no member named ‘data_ptr_’
   11 |         return this->data_ptr_ != nullptr;
      |                      ^~~~~~~~~
In file included from src/core/TensorImpl.cpp:1:
include/core/TensorImpl.h:169:11: error: field ‘shape_’ has incomplete type ‘OwnTensor::Shape’
  169 |     Shape shape_;                                // Tensor dimensions
      |           ^~~~~~
include/core/TensorImpl.h:15:8: note: forward declaration of ‘struct OwnTensor::Shape’
   15 | struct Shape;
      |        ^~~~~
include/core/TensorImpl.h:170:12: error: field ‘stride_’ has incomplete type ‘OwnTensor::Stride’
  170 |     Stride stride_;                              // Strides for each dimension
      |            ^~~~~~~
include/core/TensorImpl.h:16:8: note: forward declaration of ‘struct OwnTensor::Stride’
   16 | struct Stride;
      |        ^~~~~~
src/core/TensorDelete.cpp: In member function ‘void OwnTensor::Tensor::release()’:
src/core/TensorDelete.cpp:33:13: error: ‘data_ptr_’ was not declared in this scope; did you mean ‘DataPtr’?
   33 |         if (data_ptr_.use_count() > 1)
      |             ^~~~~~~~~
      |             DataPtr
src/core/TensorDelete.cpp:38:15: error: ‘class OwnTensor::Tensor’ has no member named ‘data_ptr_’
   38 |         this->data_ptr_.reset();
      |               ^~~~~~~~~
src/core/TensorDelete.cpp:42:19: error: ‘class OwnTensor::Tensor’ has no member named ‘grad_ptr_’
   42 |         if (this->grad_ptr_)
      |                   ^~~~~~~~~
src/core/TensorDelete.cpp:46:17: error: ‘grad_ptr_’ was not declared in this scope
   46 |             if (grad_ptr_.use_count())
      |                 ^~~~~~~~~
src/core/TensorDelete.cpp:50:15: error: ‘class OwnTensor::Tensor’ has no member named ‘grad_ptr_’
   50 |         this->grad_ptr_.reset();
      |               ^~~~~~~~~
make: *** [Makefile:60: lib/objects/src/core/TensorDelete.o] Error 1
include/core/TensorImpl.h: In constructor ‘OwnTensor::TensorImpl::TensorImpl(const OwnTensor::Shape&, OwnTensor::Dtype, OwnTensor::DeviceIndex, bool)’:
include/core/TensorImpl.h:173:17: warning: ‘OwnTensor::TensorImpl::device_’ will be initialized after [-Wreorder]
  173 |     DeviceIndex device_;                         // Device location
      |                 ^~~~~~~
include/core/TensorImpl.h:171:13: warning:   ‘int64_t OwnTensor::TensorImpl::storage_offset_’ [-Wreorder]
  171 |     int64_t storage_offset_;                     // Offset into storage
      |             ^~~~~~~~~~~~~~~
src/core/TensorImpl.cpp:27:1: warning:   when initialized here [-Wreorder]
   27 | TensorImpl::TensorImpl(const Shape& shape,
      | ^~~~~~~~~~
In file included from include/core/Tensor.h:8,
                 from src/core/Tensor.cpp:1:
include/core/TensorImpl.h:169:11: error: field ‘shape_’ has incomplete type ‘OwnTensor::Shape’
  169 |     Shape shape_;                                // Tensor dimensions
      |           ^~~~~~
include/core/TensorImpl.h:15:8: note: forward declaration of ‘struct OwnTensor::Shape’
   15 | struct Shape;
      |        ^~~~~
include/core/TensorImpl.h:170:12: error: field ‘stride_’ has incomplete type ‘OwnTensor::Stride’
  170 |     Stride stride_;                              // Strides for each dimension
      |            ^~~~~~~
include/core/TensorImpl.h:16:8: note: forward declaration of ‘struct OwnTensor::Stride’
   16 | struct Stride;
      |        ^~~~~~
make: *** [Makefile:60: lib/objects/src/ScalarOps/cpu/ScalarOps.o] Error 1
In file included from include/core/Tensor.h:8,
                 from src/core/AsTypeTensor.cpp:1:
include/core/TensorImpl.h:169:11: error: field ‘shape_’ has incomplete type ‘OwnTensor::Shape’
  169 |     Shape shape_;                                // Tensor dimensions
      |           ^~~~~~
include/core/TensorImpl.h:15:8: note: forward declaration of ‘struct OwnTensor::Shape’
   15 | struct Shape;
      |        ^~~~~
include/core/TensorImpl.h:170:12: error: field ‘stride_’ has incomplete type ‘OwnTensor::Stride’
  170 |     Stride stride_;                              // Strides for each dimension
      |            ^~~~~~~
include/core/TensorImpl.h:16:8: note: forward declaration of ‘struct OwnTensor::Stride’
   16 | struct Stride;
      |        ^~~~~~
src/core/AsTypeTensor.cpp: In member function ‘OwnTensor::Tensor OwnTensor::Tensor::as_type(OwnTensor::Dtype) const’:
src/core/AsTypeTensor.cpp:10:32: error: ‘const class OwnTensor::Tensor’ has no member named ‘dtype_’; did you mean ‘dtype’?
   10 |         if (new_dtype == this->dtype_) {
      |                                ^~~~~~
      |                                dtype
src/core/AsTypeTensor.cpp:15:48: error: ‘const class OwnTensor::Tensor’ has no member named ‘dtype_’; did you mean ‘dtype’?
   15 |         bool src_is_complex = is_complex(this->dtype_);
      |                                                ^~~~~~
      |                                                dtype
src/core/AsTypeTensor.cpp:20:38: error: ‘const class OwnTensor::Tensor’ has no member named ‘dtype_’; did you mean ‘dtype’?
   20 |                 get_dtype_name(this->dtype_) + " -> " + get_dtype_name(new_dtype)
      |                                      ^~~~~~
      |                                      dtype
src/core/AsTypeTensor.cpp:25:33: error: ‘const class OwnTensor::Tensor’ has no member named ‘shape_’; did you mean ‘shape’?
   25 |         Tensor new_tensor(this->shape_, TensorOptions{new_dtype, this->device_});
      |                                 ^~~~~~
      |                                 shape
src/core/AsTypeTensor.cpp:25:72: error: ‘const class OwnTensor::Tensor’ has no member named ‘device_’; did you mean ‘device’?
   25 |         Tensor new_tensor(this->shape_, TensorOptions{new_dtype, this->device_});
      |                                                                        ^~~~~~~
      |                                                                        device
src/core/AsTypeTensor.cpp:39:58: error: ‘class OwnTensor::Tensor’ has no member named ‘data_ptr_’
   39 |                 const auto* src_untyped_ptr = cpu_source.data_ptr_.get();
      |                                                          ^~~~~~~~~
src/core/AsTypeTensor.cpp:44:41: error: ‘const class OwnTensor::Tensor’ has no member named ‘dtype_’; did you mean ‘dtype’?
   44 |                 dispatch_by_dtype(this->dtype_, [&](auto src_type_placeholder) {
      |                                         ^~~~~~
      |                                         dtype
src/core/AsTypeTensor.cpp:94:32: error: ‘class OwnTensor::Tensor’ has no member named ‘data_ptr_’
   94 |                     new_tensor.data_ptr_.get(), this->device_.device,  // GPU destination
      |                                ^~~~~~~~~
src/core/AsTypeTensor.cpp:94:55: error: ‘const class OwnTensor::Tensor’ has no member named ‘device_’; did you mean ‘device’?
   94 |                     new_tensor.data_ptr_.get(), this->device_.device,  // GPU destination
      |                                                       ^~~~~~~
      |                                                       device
src/core/AsTypeTensor.cpp:103:49: error: ‘const class OwnTensor::Tensor’ has no member named ‘data_ptr_’
  103 |             const auto* src_untyped_ptr = this->data_ptr_.get();
      |                                                 ^~~~~~~~~
src/core/AsTypeTensor.cpp:104:48: error: ‘class OwnTensor::Tensor’ has no member named ‘data_ptr_’
  104 |             auto* dst_untyped_ptr = new_tensor.data_ptr_.get();
      |                                                ^~~~~~~~~
src/core/AsTypeTensor.cpp:107:37: error: ‘const class OwnTensor::Tensor’ has no member named ‘dtype_’; did you mean ‘dtype’?
  107 |             dispatch_by_dtype(this->dtype_, [&](auto src_type_placeholder) {
      |                                     ^~~~~~
      |                                     dtype
In file included from include/core/Tensor.h:8,
                 from src/core/TensorUtils.cpp:2:
include/core/TensorImpl.h:169:11: error: field ‘shape_’ has incomplete type ‘OwnTensor::Shape’
  169 |     Shape shape_;                                // Tensor dimensions
      |           ^~~~~~
include/core/TensorImpl.h:15:8: note: forward declaration of ‘struct OwnTensor::Shape’
   15 | struct Shape;
      |        ^~~~~
include/core/TensorImpl.h:170:12: error: field ‘stride_’ has incomplete type ‘OwnTensor::Stride’
  170 |     Stride stride_;                              // Strides for each dimension
      |            ^~~~~~~
include/core/TensorImpl.h:16:8: note: forward declaration of ‘struct OwnTensor::Stride’
   16 | struct Stride;
      |        ^~~~~~
make: *** [Makefile:60: lib/objects/src/core/TensorImpl.o] Error 1
In file included from src/core/Tensor.cpp:12:
include/core/TensorDataManip.h: In member function ‘void OwnTensor::Tensor::set_data(const T*, size_t)’:
include/core/TensorDataManip.h:29:30: error: ‘dtype_’ was not declared in this scope; did you mean ‘dtype’?
   29 |         if (!is_same_type<T>(dtype_))
      |                              ^~~~~~
      |                              dtype
include/core/TensorDataManip.h: In member function ‘void OwnTensor::Tensor::set_grad(const T*, size_t)’:
include/core/TensorDataManip.h:48:30: error: ‘dtype_’ was not declared in this scope; did you mean ‘dtype’?
   48 |         if (!is_same_type<T>(dtype_))
      |                              ^~~~~~
      |                              dtype
make: *** [Makefile:60: lib/objects/src/core/AsTypeTensor.o] Error 1
src/core/Tensor.cpp: In member function ‘OwnTensor::Tensor OwnTensor::Tensor::grad_view() const’:
src/core/Tensor.cpp:605:25: error: qualified-id in declaration before ‘(’ token
  605 |     void Tensor::release() {
      |                         ^
src/core/Tensor.cpp:610:5: error: expected primary-expression before ‘template’
  610 |     template bool* Tensor::grad<bool>();
      |     ^~~~~~~~
src/core/Tensor.cpp:611:5: error: expected primary-expression before ‘template’
  611 |     template const bool* Tensor::grad<bool>() const;
      |     ^~~~~~~~
src/core/Tensor.cpp:613:5: error: expected primary-expression before ‘template’
  613 |     template int8_t* Tensor::grad<int8_t>();
      |     ^~~~~~~~
src/core/Tensor.cpp:614:5: error: expected primary-expression before ‘template’
  614 |     template const int8_t* Tensor::grad<int8_t>() const;
      |     ^~~~~~~~
src/core/Tensor.cpp:616:5: error: expected primary-expression before ‘template’
  616 |     template int16_t* Tensor::grad<int16_t>();
      |     ^~~~~~~~
src/core/Tensor.cpp:617:5: error: expected primary-expression before ‘template’
  617 |     template const int16_t* Tensor::grad<int16_t>() const;
      |     ^~~~~~~~
src/core/Tensor.cpp:619:5: error: expected primary-expression before ‘template’
  619 |     template int32_t* Tensor::grad<int32_t>();
      |     ^~~~~~~~
src/core/Tensor.cpp:620:5: error: expected primary-expression before ‘template’
  620 |     template const int32_t* Tensor::grad<int32_t>() const;
      |     ^~~~~~~~
src/core/Tensor.cpp:622:5: error: expected primary-expression before ‘template’
  622 |     template int64_t* Tensor::grad<int64_t>();
      |     ^~~~~~~~
src/core/Tensor.cpp:623:5: error: expected primary-expression before ‘template’
  623 |     template const int64_t* Tensor::grad<int64_t>() const;
      |     ^~~~~~~~
src/core/Tensor.cpp:625:5: error: expected primary-expression before ‘template’
  625 |     template float* Tensor::grad<float>();
      |     ^~~~~~~~
src/core/Tensor.cpp:626:5: error: expected primary-expression before ‘template’
  626 |     template const float* Tensor::grad<float>() const;
      |     ^~~~~~~~
src/core/Tensor.cpp:628:5: error: expected primary-expression before ‘template’
  628 |     template double* Tensor::grad<double>();
      |     ^~~~~~~~
src/core/Tensor.cpp:629:5: error: expected primary-expression before ‘template’
  629 |     template const double* Tensor::grad<double>() const;
      |     ^~~~~~~~
src/core/Tensor.cpp:631:5: error: expected primary-expression before ‘template’
  631 |     template float16_t* Tensor::grad<float16_t>();
      |     ^~~~~~~~
src/core/Tensor.cpp:632:5: error: expected primary-expression before ‘template’
  632 |     template const float16_t* Tensor::grad<float16_t>() const;
      |     ^~~~~~~~
src/core/Tensor.cpp:634:5: error: expected primary-expression before ‘template’
  634 |     template bfloat16_t* Tensor::grad<bfloat16_t>();
      |     ^~~~~~~~
src/core/Tensor.cpp:635:5: error: expected primary-expression before ‘template’
  635 |     template const bfloat16_t* Tensor::grad<bfloat16_t>() const;
      |     ^~~~~~~~
src/core/Tensor.cpp:637:5: error: expected primary-expression before ‘template’
  637 |     template complex32_t* Tensor::grad<complex32_t>();
      |     ^~~~~~~~
src/core/Tensor.cpp:638:5: error: expected primary-expression before ‘template’
  638 |     template const complex32_t* Tensor::grad<complex32_t>() const;
      |     ^~~~~~~~
src/core/Tensor.cpp:640:5: error: expected primary-expression before ‘template’
  640 |     template complex64_t* Tensor::grad<complex64_t>();
      |     ^~~~~~~~
src/core/Tensor.cpp:641:5: error: expected primary-expression before ‘template’
  641 |     template const complex64_t* Tensor::grad<complex64_t>() const;
      |     ^~~~~~~~
src/core/Tensor.cpp:643:5: error: expected primary-expression before ‘template’
  643 |     template complex128_t* Tensor::grad<complex128_t>();
      |     ^~~~~~~~
src/core/Tensor.cpp:644:5: error: expected primary-expression before ‘template’
  644 |     template const complex128_t* Tensor::grad<complex128_t>() const;
      |     ^~~~~~~~
src/core/Tensor.cpp:645:5: error: expected primary-expression before ‘template’
  645 |     template const bool* Tensor::data<bool>() const;
      |     ^~~~~~~~
src/core/Tensor.cpp:646:5: error: expected primary-expression before ‘template’
  646 |     template bool* Tensor::data<bool>();
      |     ^~~~~~~~
src/core/Tensor.cpp:648:5: error: expected primary-expression before ‘template’
  648 |     template const int8_t* Tensor::data<int8_t>() const;
      |     ^~~~~~~~
src/core/Tensor.cpp:649:5: error: expected primary-expression before ‘template’
  649 |     template int8_t* Tensor::data<int8_t>();
      |     ^~~~~~~~
src/core/Tensor.cpp:652:5: error: expected primary-expression before ‘template’
  652 |     template const short* Tensor::data<short>() const;
      |     ^~~~~~~~
src/core/Tensor.cpp:653:5: error: expected primary-expression before ‘template’
  653 |     template short* Tensor::data<short>();
      |     ^~~~~~~~
src/core/Tensor.cpp:656:5: error: expected primary-expression before ‘template’
  656 |     template const int* Tensor::data<int>() const;
      |     ^~~~~~~~
src/core/Tensor.cpp:657:5: error: expected primary-expression before ‘template’
  657 |     template int* Tensor::data<int>();
      |     ^~~~~~~~
src/core/Tensor.cpp:660:5: error: expected primary-expression before ‘template’
  660 |     template const int64_t* Tensor::data<int64_t>() const;
      |     ^~~~~~~~
src/core/Tensor.cpp:661:5: error: expected primary-expression before ‘template’
  661 |     template int64_t* Tensor::data<int64_t>();
      |     ^~~~~~~~
src/core/Tensor.cpp:664:5: error: expected primary-expression before ‘template’
  664 |     template const float* Tensor::data<float>() const;
      |     ^~~~~~~~
src/core/Tensor.cpp:665:5: error: expected primary-expression before ‘template’
  665 |     template float* Tensor::data<float>();
      |     ^~~~~~~~
src/core/Tensor.cpp:668:5: error: expected primary-expression before ‘template’
  668 |     template const double* Tensor::data<double>() const;
      |     ^~~~~~~~
src/core/Tensor.cpp:669:5: error: expected primary-expression before ‘template’
  669 |     template double* Tensor::data<double>();
      |     ^~~~~~~~
src/core/Tensor.cpp:673:5: error: expected primary-expression before ‘template’
  673 |     template const float16_t* Tensor::data<float16_t>() const;
      |     ^~~~~~~~
src/core/Tensor.cpp:674:5: error: expected primary-expression before ‘template’
  674 |     template float16_t* Tensor::data<float16_t>();
      |     ^~~~~~~~
src/core/Tensor.cpp:676:5: error: expected primary-expression before ‘template’
  676 |     template const bfloat16_t* Tensor::data<bfloat16_t>() const;
      |     ^~~~~~~~
src/core/Tensor.cpp:677:5: error: expected primary-expression before ‘template’
  677 |     template bfloat16_t* Tensor::data<bfloat16_t>();
      |     ^~~~~~~~
src/core/Tensor.cpp:679:5: error: expected primary-expression before ‘template’
  679 |     template const float4_e2m1_t* Tensor::data<float4_e2m1_t>() const;
      |     ^~~~~~~~
src/core/Tensor.cpp:680:5: error: expected primary-expression before ‘template’
  680 |     template float4_e2m1_t* Tensor::data<float4_e2m1_t>();
      |     ^~~~~~~~
src/core/Tensor.cpp:682:5: error: expected primary-expression before ‘template’
  682 |     template const float4_e2m1_2x_t* Tensor::data<float4_e2m1_2x_t>() const;
      |     ^~~~~~~~
src/core/Tensor.cpp:683:5: error: expected primary-expression before ‘template’
  683 |     template float4_e2m1_2x_t* Tensor::data<float4_e2m1_2x_t>();
      |     ^~~~~~~~
src/core/Tensor.cpp:686:5: error: expected primary-expression before ‘template’
  686 |     template const uint8_t* Tensor::data<uint8_t>() const;
      |     ^~~~~~~~
src/core/Tensor.cpp:687:5: error: expected primary-expression before ‘template’
  687 |     template uint8_t* Tensor::data<uint8_t>();
      |     ^~~~~~~~
src/core/Tensor.cpp:689:5: error: expected primary-expression before ‘template’
  689 |     template const uint16_t* Tensor::data<uint16_t>() const;
      |     ^~~~~~~~
src/core/Tensor.cpp:690:5: error: expected primary-expression before ‘template’
  690 |     template uint16_t* Tensor::data<uint16_t>();
      |     ^~~~~~~~
src/core/Tensor.cpp:692:5: error: expected primary-expression before ‘template’
  692 |     template const uint32_t* Tensor::data<uint32_t>() const;
      |     ^~~~~~~~
src/core/Tensor.cpp:693:5: error: expected primary-expression before ‘template’
  693 |     template uint32_t* Tensor::data<uint32_t>();
      |     ^~~~~~~~
src/core/Tensor.cpp:695:5: error: expected primary-expression before ‘template’
  695 |     template const uint64_t* Tensor::data<uint64_t>() const;
      |     ^~~~~~~~
src/core/Tensor.cpp:696:5: error: expected primary-expression before ‘template’
  696 |     template uint64_t* Tensor::data<uint64_t>();
      |     ^~~~~~~~
src/core/Tensor.cpp:698:5: error: expected primary-expression before ‘template’
  698 |     template const complex32_t* Tensor::data<complex32_t>() const;
      |     ^~~~~~~~
src/core/Tensor.cpp:699:5: error: expected primary-expression before ‘template’
  699 |     template complex32_t* Tensor::data<complex32_t>();
      |     ^~~~~~~~
src/core/Tensor.cpp:701:5: error: expected primary-expression before ‘template’
  701 |     template const complex64_t* Tensor::data<complex64_t>() const;
      |     ^~~~~~~~
src/core/Tensor.cpp:702:5: error: expected primary-expression before ‘template’
  702 |     template complex64_t* Tensor::data<complex64_t>();
      |     ^~~~~~~~
src/core/Tensor.cpp:704:5: error: expected primary-expression before ‘template’
  704 |     template const complex128_t* Tensor::data<complex128_t>() const;
      |     ^~~~~~~~
src/core/Tensor.cpp:705:5: error: expected primary-expression before ‘template’
  705 |     template complex128_t* Tensor::data<complex128_t>();
      |     ^~~~~~~~
src/core/Tensor.cpp:708:5: error: expected primary-expression before ‘template’
  708 |     template void Tensor::set_data<bool>(const std::vector<bool>&);
      |     ^~~~~~~~
src/core/Tensor.cpp:709:5: error: expected primary-expression before ‘template’
  709 |     template void Tensor::set_data<int8_t>(const std::vector<int8_t>&);
      |     ^~~~~~~~
src/core/Tensor.cpp:710:5: error: expected primary-expression before ‘template’
  710 |     template void Tensor::set_data<int16_t>(const std::vector<int16_t>&);
      |     ^~~~~~~~
src/core/Tensor.cpp:711:5: error: expected primary-expression before ‘template’
  711 |     template void Tensor::set_data<int32_t>(const std::vector<int32_t>&);
      |     ^~~~~~~~
src/core/Tensor.cpp:712:5: error: expected primary-expression before ‘template’
  712 |     template void Tensor::set_data<int64_t>(const std::vector<int64_t>&);
      |     ^~~~~~~~
src/core/Tensor.cpp:713:5: error: expected primary-expression before ‘template’
  713 |     template void Tensor::set_data<float>(const std::vector<float>&);
      |     ^~~~~~~~
src/core/Tensor.cpp:714:5: error: expected primary-expression before ‘template’
  714 |     template void Tensor::set_data<double>(const std::vector<double>&);
      |     ^~~~~~~~
src/core/Tensor.cpp:715:5: error: expected primary-expression before ‘template’
  715 |     template void Tensor::set_data<uint8_t>(const std::vector<uint8_t>&);
      |     ^~~~~~~~
src/core/Tensor.cpp:716:5: error: expected primary-expression before ‘template’
  716 |     template void Tensor::set_data<uint16_t>(const std::vector<uint16_t>&);
      |     ^~~~~~~~
src/core/Tensor.cpp:717:5: error: expected primary-expression before ‘template’
  717 |     template void Tensor::set_data<uint32_t>(const std::vector<uint32_t>&);
      |     ^~~~~~~~
src/core/Tensor.cpp:718:5: error: expected primary-expression before ‘template’
  718 |     template void Tensor::set_data<uint64_t>(const std::vector<uint64_t>&);
      |     ^~~~~~~~
src/core/Tensor.cpp:719:5: error: expected primary-expression before ‘template’
  719 |     template void Tensor::set_data<float16_t>(const std::vector<float16_t>&);
      |     ^~~~~~~~
src/core/Tensor.cpp:720:5: error: expected primary-expression before ‘template’
  720 |     template void Tensor::set_data<bfloat16_t>(const std::vector<bfloat16_t>&);
      |     ^~~~~~~~
src/core/Tensor.cpp:721:5: error: expected primary-expression before ‘template’
  721 |     template void Tensor::set_data<complex32_t>(const std::vector<complex32_t>&);
      |     ^~~~~~~~
src/core/Tensor.cpp:722:5: error: expected primary-expression before ‘template’
  722 |     template void Tensor::set_data<complex64_t>(const std::vector<complex64_t>&);
      |     ^~~~~~~~
src/core/Tensor.cpp:723:5: error: expected primary-expression before ‘template’
  723 |     template void Tensor::set_data<complex128_t>(const std::vector<complex128_t>&);
      |     ^~~~~~~~
src/core/Tensor.cpp:729:5: error: expected primary-expression before ‘template’
  729 |     template void Tensor::set_grad<bool>(const std::vector<bool>&);
      |     ^~~~~~~~
src/core/Tensor.cpp:730:5: error: expected primary-expression before ‘template’
  730 |     template void Tensor::set_grad<int8_t>(const std::vector<int8_t>&);
      |     ^~~~~~~~
src/core/Tensor.cpp:731:5: error: expected primary-expression before ‘template’
  731 |     template void Tensor::set_grad<int16_t>(const std::vector<int16_t>&);
      |     ^~~~~~~~
src/core/Tensor.cpp:732:5: error: expected primary-expression before ‘template’
  732 |     template void Tensor::set_grad<int32_t>(const std::vector<int32_t>&);
      |     ^~~~~~~~
src/core/Tensor.cpp:733:5: error: expected primary-expression before ‘template’
  733 |     template void Tensor::set_grad<int64_t>(const std::vector<int64_t>&);
      |     ^~~~~~~~
src/core/Tensor.cpp:734:5: error: expected primary-expression before ‘template’
  734 |     template void Tensor::set_grad<float>(const std::vector<float>&);
      |     ^~~~~~~~
src/core/Tensor.cpp:735:5: error: expected primary-expression before ‘template’
  735 |     template void Tensor::set_grad<double>(const std::vector<double>&);
      |     ^~~~~~~~
src/core/Tensor.cpp:736:5: error: expected primary-expression before ‘template’
  736 |     template void Tensor::set_grad<uint8_t>(const std::vector<uint8_t>&);
      |     ^~~~~~~~
src/core/Tensor.cpp:737:5: error: expected primary-expression before ‘template’
  737 |     template void Tensor::set_grad<uint16_t>(const std::vector<uint16_t>&);
      |     ^~~~~~~~
src/core/Tensor.cpp:738:5: error: expected primary-expression before ‘template’
  738 |     template void Tensor::set_grad<uint32_t>(const std::vector<uint32_t>&);
      |     ^~~~~~~~
src/core/Tensor.cpp:739:5: error: expected primary-expression before ‘template’
  739 |     template void Tensor::set_grad<uint64_t>(const std::vector<uint64_t>&);
      |     ^~~~~~~~
src/core/Tensor.cpp:740:5: error: expected primary-expression before ‘template’
  740 |     template void Tensor::set_grad<float16_t>(const std::vector<float16_t>&);
      |     ^~~~~~~~
src/core/Tensor.cpp:741:5: error: expected primary-expression before ‘template’
  741 |     template void Tensor::set_grad<bfloat16_t>(const std::vector<bfloat16_t>&);
      |     ^~~~~~~~
src/core/Tensor.cpp:742:5: error: expected primary-expression before ‘template’
  742 |     template void Tensor::set_grad<complex32_t>(const std::vector<complex32_t>&);
      |     ^~~~~~~~
src/core/Tensor.cpp:743:5: error: expected primary-expression before ‘template’
  743 |     template void Tensor::set_grad<complex64_t>(const std::vector<complex64_t>&);
      |     ^~~~~~~~
src/core/Tensor.cpp:744:5: error: expected primary-expression before ‘template’
  744 |     template void Tensor::set_grad<complex128_t>(const std::vector<complex128_t>&);
      |     ^~~~~~~~
src/core/Tensor.cpp:747:5: error: expected primary-expression before ‘template’
  747 |     template void Tensor::fill_grad<bool>(bool);
      |     ^~~~~~~~
src/core/Tensor.cpp:748:5: error: expected primary-expression before ‘template’
  748 |     template void Tensor::fill_grad<int16_t>(int16_t);
      |     ^~~~~~~~
src/core/Tensor.cpp:749:5: error: expected primary-expression before ‘template’
  749 |     template void Tensor::fill_grad<int32_t>(int32_t);
      |     ^~~~~~~~
src/core/Tensor.cpp:750:5: error: expected primary-expression before ‘template’
  750 |     template void Tensor::fill_grad<int64_t>(int64_t);
      |     ^~~~~~~~
src/core/Tensor.cpp:751:5: error: expected primary-expression before ‘template’
  751 |     template void Tensor::fill_grad<uint8_t>(uint8_t);
      |     ^~~~~~~~
src/core/Tensor.cpp:752:5: error: expected primary-expression before ‘template’
  752 |     template void Tensor::fill_grad<uint16_t>(uint16_t);
      |     ^~~~~~~~
src/core/Tensor.cpp:753:5: error: expected primary-expression before ‘template’
  753 |     template void Tensor::fill_grad<uint32_t>(uint32_t);
      |     ^~~~~~~~
src/core/Tensor.cpp:754:5: error: expected primary-expression before ‘template’
  754 |     template void Tensor::fill_grad<uint64_t>(uint64_t);
      |     ^~~~~~~~
src/core/Tensor.cpp:755:5: error: expected primary-expression before ‘template’
  755 |     template void Tensor::fill_grad<float>(float);
      |     ^~~~~~~~
src/core/Tensor.cpp:756:5: error: expected primary-expression before ‘template’
  756 |     template void Tensor::fill_grad<double>(double);
      |     ^~~~~~~~
src/core/Tensor.cpp:757:5: error: expected primary-expression before ‘template’
  757 |     template void Tensor::fill_grad<float16_t>(float16_t);
      |     ^~~~~~~~
src/core/Tensor.cpp:758:5: error: expected primary-expression before ‘template’
  758 |     template void Tensor::fill_grad<bfloat16_t>(bfloat16_t);
      |     ^~~~~~~~
src/core/Tensor.cpp:759:5: error: expected primary-expression before ‘template’
  759 |     template void Tensor::fill_grad<complex32_t>(complex32_t);
      |     ^~~~~~~~
src/core/Tensor.cpp:760:5: error: expected primary-expression before ‘template’
  760 |     template void Tensor::fill_grad<complex64_t>(complex64_t);
      |     ^~~~~~~~
src/core/Tensor.cpp:761:5: error: expected primary-expression before ‘template’
  761 |     template void Tensor::fill_grad<complex128_t>(complex128_t);
      |     ^~~~~~~~
src/core/Tensor.cpp:764:5: error: expected primary-expression before ‘template’
  764 |     template void Tensor::fill<bool>(bool);
      |     ^~~~~~~~
src/core/Tensor.cpp:765:5: error: expected primary-expression before ‘template’
  765 |     template void Tensor::fill<int16_t>(int16_t);
      |     ^~~~~~~~
src/core/Tensor.cpp:766:5: error: expected primary-expression before ‘template’
  766 |     template void Tensor::fill<int32_t>(int32_t);
      |     ^~~~~~~~
src/core/Tensor.cpp:767:5: error: expected primary-expression before ‘template’
  767 |     template void Tensor::fill<int64_t>(int64_t);
      |     ^~~~~~~~
src/core/Tensor.cpp:768:5: error: expected primary-expression before ‘template’
  768 |     template void Tensor::fill<uint8_t>(uint8_t);
      |     ^~~~~~~~
src/core/Tensor.cpp:769:5: error: expected primary-expression before ‘template’
  769 |     template void Tensor::fill<uint16_t>(uint16_t);
      |     ^~~~~~~~
src/core/Tensor.cpp:770:5: error: expected primary-expression before ‘template’
  770 |     template void Tensor::fill<uint32_t>(uint32_t);
      |     ^~~~~~~~
src/core/Tensor.cpp:771:5: error: expected primary-expression before ‘template’
  771 |     template void Tensor::fill<uint64_t>(uint64_t);
      |     ^~~~~~~~
src/core/Tensor.cpp:772:5: error: expected primary-expression before ‘template’
  772 |     template void Tensor::fill<float>(float);
      |     ^~~~~~~~
src/core/Tensor.cpp:773:5: error: expected primary-expression before ‘template’
  773 |     template void Tensor::fill<double>(double);
      |     ^~~~~~~~
src/core/Tensor.cpp:774:5: error: expected primary-expression before ‘template’
  774 |     template void Tensor::fill<float16_t>(float16_t);
      |     ^~~~~~~~
src/core/Tensor.cpp:775:5: error: expected primary-expression before ‘template’
  775 |     template void Tensor::fill<bfloat16_t>(bfloat16_t);
      |     ^~~~~~~~
src/core/Tensor.cpp:776:5: error: expected primary-expression before ‘template’
  776 |     template void Tensor::fill<complex32_t>(complex32_t);
      |     ^~~~~~~~
src/core/Tensor.cpp:777:5: error: expected primary-expression before ‘template’
  777 |     template void Tensor::fill<complex64_t>(complex64_t);
      |     ^~~~~~~~
src/core/Tensor.cpp:778:5: error: expected primary-expression before ‘template’
  778 |     template void Tensor::fill<complex128_t>(complex128_t);
      |     ^~~~~~~~
src/core/Tensor.cpp:779:5: error: expected primary-expression before ‘template’
  779 |     template void Tensor::fill<float4_e2m1_t>(float4_e2m1_t);
      |     ^~~~~~~~
src/core/Tensor.cpp:780:5: error: expected primary-expression before ‘template’
  780 |     template void Tensor::fill<float4_e2m1_2x_t>(float4_e2m1_2x_t);
      |     ^~~~~~~~
src/core/Tensor.cpp: At global scope:
src/core/Tensor.cpp:782:2: error: expected ‘}’ at end of input
  782 | }
      |  ^
src/core/Tensor.cpp:28:1: note: to match this ‘{’
   28 | {
      | ^
src/core/Tensor.cpp: In member function ‘OwnTensor::Tensor OwnTensor::Tensor::grad_view() const’:
src/core/Tensor.cpp:782:1: warning: control reaches end of non-void function [-Wreturn-type]
  782 | }
      | ^
make: *** [Makefile:60: lib/objects/src/core/Tensor.o] Error 1
src/core/TensorUtils.cpp:357:6: warning: ‘void OwnTensor::{anonymous}::print_recursive_data(std::ostream&, const OwnTensor::Tensor&, std::vector<long int>&, int, const OwnTensor::{anonymous}::PrintOptions&)’ defined but not used [-Wunused-function]
  357 | void print_recursive_data(std::ostream& os,
      |      ^~~~~~~~~~~~~~~~~~~~
make: *** [Makefile:60: lib/objects/src/core/TensorUtils.o] Error 1
